[encontratuprepaga.com.ar/index.html]
[backblue.gif]
[fade.gif]
[index.html]
[encontratuprepaga.com.ar/wp-content/themes/hello-elementor/assets/css/reset4c8b.css]
[encontratuprepaga.com.ar/feed/index.html]
[encontratuprepaga.com.ar/wp-content/plugins/elementor/assets/css/frontend.min9287.css]
[encontratuprepaga.com.ar/wp-content/plugins/elementor/assets/css/widget-image.min9287.css]
[encontratuprepaga.com.ar/comments/feed/index.html]
[encontratuprepaga.com.ar/wp-content/plugins/elementor-pro/assets/css/widget-nav-menu.min8e60.css]
[encontratuprepaga.com.ar/wp-content/plugins/elementor/assets/css/widget-heading.min9287.css]
[encontratuprepaga.com.ar/wp-content/plugins/elementor/assets/lib/animations/styles/e-animation-float.min9287.css]
[encontratuprepaga.com.ar/wp-content/plugins/elementor/assets/css/widget-icon-list.min9287.css]
[encontratuprepaga.com.ar/wp-content/plugins/elementor-pro/assets/css/modules/motion-fx.min8e60.css]
[encontratuprepaga.com.ar/wp-content/plugins/essential-addons-for-elementor-lite/assets/front-end/css/view/general.min5c45.css]
[encontratuprepaga.com.ar/wp-content/uploads/essential-addons-elementor/eael-6580c5.css]
[encontratuprepaga.com.ar/wp-content/uploads/elementor/css/post-611639.css]
[encontratuprepaga.com.ar/wp-content/plugins/elementor/assets/lib/font-awesome/css/all.min9287.css]
[encontratuprepaga.com.ar/wp-content/plugins/elementor/assets/lib/font-awesome/css/v4-shims.min9287.css]
[encontratuprepaga.com.ar/wp-content/plugins/elementor/assets/lib/swiper/v8/css/swiper.min94a4.css]
[encontratuprepaga.com.ar/wp-content/plugins/elementor/assets/css/conditionals/e-swiper.min9287.css]
[encontratuprepaga.com.ar/wp-content/plugins/elementor-pro/assets/css/widget-loop-common.min8e60.css]
[encontratuprepaga.com.ar/wp-content/plugins/elementor-pro/assets/css/widget-loop-carousel.min8e60.css]
[encontratuprepaga.com.ar/wp-content/uploads/elementor/css/post-65b5d5.css]
[encontratuprepaga.com.ar/wp-content/uploads/elementor/css/post-649b5d5.css]
[encontratuprepaga.com.ar/wp-content/uploads/elementor/css/post-652b5d5.css]
[encontratuprepaga.com.ar/wp-includes/css/dashicons.mina784.css]
[encontratuprepaga.com.ar/wp-includes/js/jquery/jquery-migrate.min5589.js]
[encontratuprepaga.com.ar/wp-includes/js/jquery/jquery.minf43b.js]
[encontratuprepaga.com.ar/wp-content/plugins/elementor/assets/lib/font-awesome/js/v4-shims.min9287.js]
[encontratuprepaga.com.ar/wp-json/index.html]
[encontratuprepaga.com.ar/wp-json/wp/v2/pages/65.json]
[encontratuprepaga.com.ar/xmlrpc0db0.php]
[encontratuprepaga.com.ar/wp-json/oembed/1.0/embed9b50.json]
[encontratuprepaga.com.ar/wp-json/oembed/1.0/embed25a8]
[encontratuprepaga.com.ar/wp-content/uploads/2025/11/favi-encontra-150x150.png]
[encontratuprepaga.com.ar/wp-content/uploads/2025/11/favi-encontra-300x300.png]
[encontratuprepaga.com.ar/wp-content/uploads/2025/11/encontra-logo-sin-fondo-e1762742231968.png]
[encontratuprepaga.com.ar/wp-content/uploads/2025/11/familia-8755.jpg]
[encontratuprepaga.com.ar/wp-content/uploads/2025/11/Avalian.png]
[encontratuprepaga.com.ar/prepaga/prevencion-salud/index.html]
[encontratuprepaga.com.ar/wp-content/uploads/2025/11/prevencion-salud-1.png]
[encontratuprepaga.com.ar/prepaga/index.html]
[encontratuprepaga.com.ar/prepaga/avalian/index.html]
[encontratuprepaga.com.ar/prepaga/medife/index.html]
[encontratuprepaga.com.ar/wp-content/uploads/2025/11/medife-logo-e1762777371625.png]
[encontratuprepaga.com.ar/wp-content/uploads/2025/11/Sancor-Salud-scaled.png]
[encontratuprepaga.com.ar/wp-content/uploads/2025/11/Galeno.png]
[encontratuprepaga.com.ar/prepaga/sancor-salud/index.html]
[encontratuprepaga.com.ar/prepaga/galeno/index.html]
[encontratuprepaga.com.ar/prepaga/swiss-medical/index.html]
[encontratuprepaga.com.ar/wp-content/uploads/2025/11/swiss-logo.svg]
[encontratuprepaga.com.ar/wp-content/uploads/2025/11/doctored-e1733141427809.png]
[encontratuprepaga.com.ar/wp-content/uploads/2025/11/doctor.jpg]
[encontratuprepaga.com.ar/prepaga/doctored/index.html]
[encontratuprepaga.com.ar/nosotros/index.html]
[encontratuprepaga.com.ar/contacto/index.html]
[encontratuprepaga.com.ar/wp-content/uploads/2025/11/contacto.jpg]
[encontratuprepaga.com.ar/wp-content/uploads/essential-addons-elementor/eael-21369e4.css]
[encontratuprepaga.com.ar/wp-content/plugins/elementor/assets/css/widget-icon-box.min9287.css]
[encontratuprepaga.com.ar/wp-content/uploads/essential-addons-elementor/eael-2117926.css]
[encontratuprepaga.com.ar/wp-content/uploads/essential-addons-elementor/eael-209df4c.css]
[encontratuprepaga.com.ar/wp-content/uploads/essential-addons-elementor/eael-2075780.css]
[encontratuprepaga.com.ar/politica-de-privacidad/index.html]
[encontratuprepaga.com.ar/wp-content/uploads/essential-addons-elementor/eael-205d12e.css]
[encontratuprepaga.com.ar/wp-content/uploads/essential-addons-elementor/eael-203fec6.css]
[encontratuprepaga.com.ar/aviso-legal/index.html]
[encontratuprepaga.com.ar/wp-content/uploads/essential-addons-elementor/eael-201e289.css]
[encontratuprepaga.com.ar/politica-de-cookies/index.html]
[encontratuprepaga.com.ar/wp-content/uploads/elementor/css/post-4355abe.css]
[encontratuprepaga.com.ar/wp-content/plugins/elementor-pro/assets/css/widget-form.min8e60.css]
[encontratuprepaga.com.ar/wp-content/plugins/elementor-pro/assets/css/conditionals/popup.min8e60.css]
[encontratuprepaga.com.ar/wp-content/plugins/creame-whatsapp-me/public/css/joinchat-btn.mind42d.css]
[encontratuprepaga.com.ar/wp-content/plugins/elementor/assets/js/webpack.runtime.min9287.js]
[encontratuprepaga.com.ar/wp-content/plugins/elementor/assets/js/frontend-modules.min9287.js]
[encontratuprepaga.com.ar/wp-includes/js/jquery/ui/core.minb37e.js]
[encontratuprepaga.com.ar/wp-content/plugins/elementor/assets/js/frontend.min9287.js]
[encontratuprepaga.com.ar/wp-content/plugins/elementor-pro/assets/lib/smartmenus/jquery.smartmenus.min1576.js]
[encontratuprepaga.com.ar/wp-content/plugins/elementor-pro/assets/lib/sticky/jquery.sticky.min8e60.js]
[encontratuprepaga.com.ar/wp-content/plugins/essential-addons-for-elementor-lite/assets/front-end/js/view/general.min5c45.js]
[encontratuprepaga.com.ar/wp-content/uploads/essential-addons-elementor/eael-6580c5.js]
[encontratuprepaga.com.ar/wp-includes/js/imagesloaded.minbb93.js]
[encontratuprepaga.com.ar/wp-content/plugins/creame-whatsapp-me/public/js/qr-creator.min8a54.js]
[encontratuprepaga.com.ar/wp-content/plugins/creame-whatsapp-me/public/js/joinchat.mind42d.js]
[encontratuprepaga.com.ar/wp-content/uploads/essential-addons-elementor/eael-21369e4.js]
[encontratuprepaga.com.ar/wp-content/uploads/essential-addons-elementor/eael-2117926.js]
[encontratuprepaga.com.ar/wp-content/uploads/essential-addons-elementor/eael-209df4c.js]
[encontratuprepaga.com.ar/wp-content/uploads/essential-addons-elementor/eael-2075780.js]
[encontratuprepaga.com.ar/wp-content/uploads/essential-addons-elementor/eael-205d12e.js]
[encontratuprepaga.com.ar/wp-content/uploads/essential-addons-elementor/eael-203fec6.js]
[encontratuprepaga.com.ar/wp-content/uploads/essential-addons-elementor/eael-201e289.js]
[www.google.com/recaptcha/apic207.js]
[encontratuprepaga.com.ar/wp-content/plugins/elementor-pro/assets/js/webpack-pro.runtime.min8e60.js]
[encontratuprepaga.com.ar/wp-includes/js/dist/hooks.min4fdd.js]
[encontratuprepaga.com.ar/wp-includes/js/dist/i18n.minc33c.js]
[encontratuprepaga.com.ar/wp-content/plugins/elementor-pro/assets/js/frontend.min8e60.js]
[encontratuprepaga.com.ar/index.html]
[encontratuprepaga.com.ar/wp-content/themes/hello-elementor/assets/css/reset4c8b.css]
[encontratuprepaga.com.ar/wp-content/plugins/elementor/assets/css/frontend.min9287.css]
[encontratuprepaga.com.ar/wp-content/plugins/elementor/assets/css/widget-image.min9287.css]
[encontratuprepaga.com.ar/wp-content/plugins/elementor-pro/assets/css/widget-nav-menu.min8e60.css]
[encontratuprepaga.com.ar/wp-content/plugins/elementor-pro/assets/css/modules/sticky.min8e60.css]
[encontratuprepaga.com.ar/wp-content/plugins/elementor/assets/lib/animations/styles/fadeInUp.min9287.css]
[encontratuprepaga.com.ar/wp-content/plugins/elementor/assets/css/widget-heading.min9287.css]
[encontratuprepaga.com.ar/wp-content/plugins/elementor/assets/lib/animations/styles/e-animation-float.min9287.css]
[encontratuprepaga.com.ar/wp-content/plugins/elementor/assets/css/widget-icon-list.min9287.css]
[encontratuprepaga.com.ar/wp-content/plugins/elementor-pro/assets/css/modules/motion-fx.min8e60.css]
[encontratuprepaga.com.ar/wp-content/plugins/essential-addons-for-elementor-lite/assets/front-end/css/view/general.min5c45.css]
[encontratuprepaga.com.ar/wp-content/uploads/essential-addons-elementor/eael-6580c5.css]
[encontratuprepaga.com.ar/wp-content/uploads/elementor/css/post-611639.css]
[encontratuprepaga.com.ar/wp-content/plugins/elementor-pro/assets/js/elements-handlers.min8e60.js]
[encontratuprepaga.com.ar/wp-content/plugins/elementor/assets/lib/font-awesome/webfonts/fa-brands-400.eot]
[encontratuprepaga.com.ar/wp-content/plugins/elementor/assets/lib/font-awesome/webfonts/fa-brands-400d41d.eot]
[encontratuprepaga.com.ar/wp-content/plugins/elementor/assets/lib/font-awesome/webfonts/fa-brands-400.woff2]
[encontratuprepaga.com.ar/wp-content/plugins/elementor/assets/lib/font-awesome/webfonts/fa-brands-400.woff]
[encontratuprepaga.com.ar/wp-content/plugins/elementor/assets/lib/font-awesome/webfonts/fa-brands-400.svg]
[encontratuprepaga.com.ar/wp-content/plugins/elementor/assets/lib/font-awesome/webfonts/fa-regular-400d41d.eot]
[encontratuprepaga.com.ar/wp-content/plugins/elementor/assets/lib/font-awesome/webfonts/fa-brands-400.ttf]
[encontratuprepaga.com.ar/wp-content/plugins/elementor/assets/lib/font-awesome/webfonts/fa-regular-400.eot]
[encontratuprepaga.com.ar/wp-content/plugins/elementor/assets/lib/font-awesome/webfonts/fa-regular-400.woff2]
[encontratuprepaga.com.ar/wp-content/plugins/elementor/assets/lib/font-awesome/webfonts/fa-regular-400.woff]
[encontratuprepaga.com.ar/wp-content/plugins/elementor/assets/lib/font-awesome/webfonts/fa-regular-400.ttf]
[encontratuprepaga.com.ar/wp-content/plugins/elementor/assets/lib/font-awesome/webfonts/fa-regular-400.svg]
[encontratuprepaga.com.ar/wp-content/plugins/elementor/assets/lib/font-awesome/webfonts/fa-solid-900.eot]
[encontratuprepaga.com.ar/wp-content/plugins/elementor/assets/lib/font-awesome/webfonts/fa-solid-900d41d.eot]
[encontratuprepaga.com.ar/wp-content/plugins/elementor/assets/lib/font-awesome/webfonts/fa-solid-900.woff2]
[encontratuprepaga.com.ar/wp-content/plugins/elementor/assets/lib/font-awesome/webfonts/fa-solid-900.woff]
[encontratuprepaga.com.ar/wp-content/plugins/elementor/assets/lib/font-awesome/webfonts/fa-solid-900.ttf]
[encontratuprepaga.com.ar/wp-content/plugins/elementor/assets/lib/font-awesome/css/all.min9287.css]
[encontratuprepaga.com.ar/wp-content/plugins/elementor/assets/lib/font-awesome/css/v4-shims.min9287.css]
[encontratuprepaga.com.ar/wp-content/plugins/elementor/assets/lib/animations/styles/fadeInLeft.min9287.css]
[encontratuprepaga.com.ar/wp-content/plugins/elementor/assets/lib/swiper/v8/css/swiper.min94a4.css]
[encontratuprepaga.com.ar/wp-content/plugins/elementor/assets/css/conditionals/e-swiper.min9287.css]
[encontratuprepaga.com.ar/wp-content/plugins/elementor-pro/assets/css/widget-loop-common.min8e60.css]
[encontratuprepaga.com.ar/wp-content/plugins/elementor-pro/assets/css/widget-loop-carousel.min8e60.css]
[encontratuprepaga.com.ar/wp-content/plugins/elementor/assets/lib/animations/styles/e-animation-grow.min9287.css]
[encontratuprepaga.com.ar/wp-content/uploads/elementor/css/post-65b5d5.css]
[encontratuprepaga.com.ar/wp-content/uploads/elementor/css/post-649b5d5.css]
[encontratuprepaga.com.ar/wp-content/uploads/elementor/css/post-652b5d5.css]
[encontratuprepaga.com.ar/wp-includes/fonts/dashicons7d4b.eot]
[encontratuprepaga.com.ar/wp-content/plugins/elementor/assets/lib/font-awesome/webfonts/fa-solid-900.svg]
[encontratuprepaga.com.ar/wp-includes/css/dashicons.mina784.css]
[encontratuprepaga.com.ar/wp-includes/fonts/dashicons7d4b.ttf]
[encontratuprepaga.com.ar/wp-content/uploads/elementor/css/post-608efcc.css]
[encontratuprepaga.com.ar/prepaga/index.html]
[encontratuprepaga.com.ar/wp-content/plugins/elementor-pro/assets/css/widget-nested-carousel.min8e60.css]
[encontratuprepaga.com.ar/wp-content/plugins/elementor/assets/css/widget-image-carousel.min9287.css]
[encontratuprepaga.com.ar/prepaga/indexd784.html]
[encontratuprepaga.com.ar/wp-content/uploads/elementor/css/post-2135c50.css]
[encontratuprepaga.com.ar/wp-json/wp/v2/prepaga/213.json]
[encontratuprepaga.com.ar/wp-json/oembed/1.0/embed6525.json]
[encontratuprepaga.com.ar/indexf3dd.html]
[encontratuprepaga.com.ar/wp-json/oembed/1.0/embed4206]
[encontratuprepaga.com.ar/wp-content/uploads/2025/11/plan-cerca.png]
[encontratuprepaga.com.ar/wp-content/uploads/2025/11/plan-integral.png]
[encontratuprepaga.com.ar/wp-content/uploads/2025/11/plan-hoy.png]
[encontratuprepaga.com.ar/wp-content/uploads/2025/11/plan-superior.png]
[encontratuprepaga.com.ar/wp-content/uploads/2025/11/plan-selecta.png]
[encontratuprepaga.com.ar/wp-content/uploads/elementor/thumbs/allende-e1763003551404-reml2afgtdw0n47gt791vvk0es2z7x2dqswdpxbtog.jpg]
[encontratuprepaga.com.ar/wp-content/uploads/elementor/thumbs/centro-medico-chacras-e1763003515868-reml1cl9zclp15kmasmhe43f0wpritc1m5ewfypzwg.jpg]
[encontratuprepaga.com.ar/wp-content/uploads/elementor/thumbs/reina-fabiola-e1763003582422-reml33kgp8zwn11531uhj67atq3cuja26t4fli4mbk.jpg]
[encontratuprepaga.com.ar/wp-content/uploads/elementor/thumbs/hospital-espanol-e1763003162935-remks4s8ytzh6syl4b76fxtpbw571nqsoj4i1adyww.jpg]
[encontratuprepaga.com.ar/wp-content/uploads/elementor/thumbs/grupo-orono-e1763003613599-reml3wpgl43smxutcwfx6gul8o3qh5hqmtchh2xeyo.jpg]
[encontratuprepaga.com.ar/wp-content/uploads/elementor/thumbs/grupo-gamma-e1763003641974-reml4n0xwh3to0sl37th4a7hvgi0goe82fm2wtue4g.jpg]
[encontratuprepaga.com.ar/wp-content/uploads/elementor/thumbs/clinica-san-agustin-e1763003660435-reml54vvibs9sm2n6xjdxnp95s1zixd4gw0b133wu8.jpg]
[encontratuprepaga.com.ar/wp-content/uploads/elementor/thumbs/clinica-modelo-e1763003238490-remku47ze8p9p62tj62tpfsqh6d3anmeacpeibg1s0.jpg]
[encontratuprepaga.com.ar/wp-content/uploads/elementor/thumbs/clinica-de-cuyo-e1763003685675-reml5sdu96ofuv4idpp25zrs0eu5vcyew4bg1052io.jpg]
[encontratuprepaga.com.ar/wp-content/uploads/elementor/thumbs/centro-medico-del-parque-e1763003712381-reml6hrhdpn6kc3n9inzjbd81td2n6r5zlxjzh3fuo.jpg]
[encontratuprepaga.com.ar/wp-content/uploads/2025/11/familia-649.jpg]
[encontratuprepaga.com.ar/prepaga/avalian/index.html]
[encontratuprepaga.com.ar/wp-content/plugins/elementor/assets/lib/swiper/v8/swiper.min94a4.js]
[encontratuprepaga.com.ar/wp-content/uploads/elementor/css/post-211224f.css]
[encontratuprepaga.com.ar/wp-json/wp/v2/prepaga/211.json]
[encontratuprepaga.com.ar/wp-json/oembed/1.0/embed7ee3.json]
[encontratuprepaga.com.ar/index0114.html]
[encontratuprepaga.com.ar/wp-json/oembed/1.0/embed2e8c]
[encontratuprepaga.com.ar/wp-content/uploads/2025/11/familia-557-1024x683.jpg]
[encontratuprepaga.com.ar/prepaga/prevencion-salud/index.html]
[encontratuprepaga.com.ar/wp-content/uploads/elementor/css/post-2091b47.css]
[encontratuprepaga.com.ar/wp-json/wp/v2/prepaga/209.json]
[encontratuprepaga.com.ar/index4e6a.html]
[encontratuprepaga.com.ar/wp-json/oembed/1.0/embed1950.json]
[encontratuprepaga.com.ar/wp-json/oembed/1.0/embedf83e]
[encontratuprepaga.com.ar/wp-content/uploads/2025/11/sanatorio-e1763044467388.png]
[encontratuprepaga.com.ar/prepaga/medife/index.html]
[encontratuprepaga.com.ar/wp-content/uploads/elementor/css/post-20782c3.css]
[encontratuprepaga.com.ar/wp-json/wp/v2/prepaga/207.json]
[encontratuprepaga.com.ar/indexeb91.html]
[encontratuprepaga.com.ar/wp-json/oembed/1.0/embede3ea.json]
[encontratuprepaga.com.ar/wp-json/oembed/1.0/embed0cfb]
[encontratuprepaga.com.ar/wp-content/uploads/2025/11/familia-8766.jpg]
[encontratuprepaga.com.ar/prepaga/sancor-salud/index.html]
[encontratuprepaga.com.ar/wp-content/uploads/elementor/css/post-2050e3d.css]
[encontratuprepaga.com.ar/wp-json/wp/v2/prepaga/205.json]
[encontratuprepaga.com.ar/wp-json/oembed/1.0/embedfae9.json]
[encontratuprepaga.com.ar/indexc140.html]
[encontratuprepaga.com.ar/wp-json/oembed/1.0/embed7b32]
[encontratuprepaga.com.ar/wp-content/uploads/2025/11/imagen-34321.jpg]
[encontratuprepaga.com.ar/prepaga/galeno/index.html]
[encontratuprepaga.com.ar/wp-content/uploads/elementor/css/post-203bb59.css]
[encontratuprepaga.com.ar/wp-json/wp/v2/prepaga/203.json]
[encontratuprepaga.com.ar/wp-json/oembed/1.0/embedd674.json]
[encontratuprepaga.com.ar/indexc39e.html]
[encontratuprepaga.com.ar/wp-json/oembed/1.0/embed2abc]
[encontratuprepaga.com.ar/wp-content/uploads/2025/11/familia-76562.jpg]
[encontratuprepaga.com.ar/prepaga/swiss-medical/index.html]
[encontratuprepaga.com.ar/wp-content/uploads/elementor/css/post-2017be4.css]
[encontratuprepaga.com.ar/wp-json/wp/v2/prepaga/201.json]
[encontratuprepaga.com.ar/index5721.html]
[encontratuprepaga.com.ar/wp-json/oembed/1.0/embed5008.json]
[encontratuprepaga.com.ar/wp-json/oembed/1.0/embedf161]
[encontratuprepaga.com.ar/wp-content/uploads/2025/11/familia-8765.jpg]
[encontratuprepaga.com.ar/prepaga/doctored/index.html]
[encontratuprepaga.com.ar/wp-content/uploads/essential-addons-elementor/eael-683814.css]
[encontratuprepaga.com.ar/wp-content/uploads/elementor/css/post-682901.css]
[encontratuprepaga.com.ar/wp-json/wp/v2/pages/68.json]
[encontratuprepaga.com.ar/wp-json/oembed/1.0/embed2dd3.json]
[encontratuprepaga.com.ar/index7ef4.html]
[encontratuprepaga.com.ar/wp-json/oembed/1.0/embede1fa]
[encontratuprepaga.com.ar/wp-content/uploads/2025/11/asesores-e1762753146554.jpg]
[encontratuprepaga.com.ar/nosotros/index.html]
[encontratuprepaga.com.ar/wp-content/uploads/essential-addons-elementor/eael-683814.js]
[encontratuprepaga.com.ar/wp-content/plugins/elementor/assets/css/widget-google_maps.min9287.css]
[encontratuprepaga.com.ar/wp-content/uploads/elementor/css/post-807500.css]
[encontratuprepaga.com.ar/wp-json/wp/v2/pages/80.json]
[encontratuprepaga.com.ar/indexbde5.html]
[encontratuprepaga.com.ar/wp-json/oembed/1.0/embedf392.json]
[encontratuprepaga.com.ar/contacto/index.html]
[encontratuprepaga.com.ar/wp-content/uploads/2025/11/swiss-logo.svg]
[encontratuprepaga.com.ar/wp-json/oembed/1.0/embede6d1]
[encontratuprepaga.com.ar/wp-includes/css/dist/block-library/style.mina784.css]
[encontratuprepaga.com.ar/wp-content/uploads/elementor/css/post-655e09a.css]
[encontratuprepaga.com.ar/wp-json/wp/v2/pages/655.json]
[encontratuprepaga.com.ar/indexef11.html]
[encontratuprepaga.com.ar/wp-json/oembed/1.0/embed2ecc.json]
[encontratuprepaga.com.ar/politica-de-privacidad/index.html]
[encontratuprepaga.com.ar/wp-json/oembed/1.0/embed4b61]
[encontratuprepaga.com.ar/wp-content/uploads/elementor/css/post-659b314.css]
[encontratuprepaga.com.ar/wp-json/wp/v2/pages/659.json]
[encontratuprepaga.com.ar/wp-json/oembed/1.0/embed3e48.json]
[encontratuprepaga.com.ar/index2553.html]
[encontratuprepaga.com.ar/politica-de-cookies/index.html]
[encontratuprepaga.com.ar/wp-json/oembed/1.0/embedeead]
[encontratuprepaga.com.ar/wp-content/uploads/elementor/css/post-661a282.css]
[encontratuprepaga.com.ar/wp-json/wp/v2/pages/661.json]
[encontratuprepaga.com.ar/wp-json/oembed/1.0/embed8dc3.json]
[encontratuprepaga.com.ar/indexd4f5.html]
[encontratuprepaga.com.ar/aviso-legal/index.html]
[encontratuprepaga.com.ar/wp-content/uploads/essential-addons-elementor/eael-21369e4.css]
[encontratuprepaga.com.ar/wp-content/plugins/elementor/assets/css/widget-icon-box.min9287.css]
[encontratuprepaga.com.ar/wp-content/uploads/essential-addons-elementor/eael-2117926.css]
[encontratuprepaga.com.ar/wp-content/uploads/essential-addons-elementor/eael-209df4c.css]
[encontratuprepaga.com.ar/wp-content/uploads/essential-addons-elementor/eael-2075780.css]
[encontratuprepaga.com.ar/wp-content/uploads/essential-addons-elementor/eael-205d12e.css]
[encontratuprepaga.com.ar/wp-json/oembed/1.0/embed3a45]
[encontratuprepaga.com.ar/wp-content/uploads/essential-addons-elementor/eael-203fec6.css]
[encontratuprepaga.com.ar/wp-content/uploads/essential-addons-elementor/eael-201e289.css]
[encontratuprepaga.com.ar/wp-content/uploads/elementor/css/post-4355abe.css]
[encontratuprepaga.com.ar/wp-content/plugins/elementor-pro/assets/css/widget-form.min8e60.css]
[encontratuprepaga.com.ar/wp-content/plugins/elementor/assets/lib/animations/styles/fadeIn.min9287.css]
[encontratuprepaga.com.ar/wp-content/plugins/elementor-pro/assets/css/conditionals/popup.min8e60.css]
[encontratuprepaga.com.ar/wp-content/plugins/creame-whatsapp-me/public/css/joinchat-btn.mind42d.css]
[encontratuprepaga.com.ar/wp-content/plugins/essential-blocks/assets/js/eb-blocks-localized363.js]
[encontratuprepaga.com.ar/wp-content/plugins/elementor/assets/lib/font-awesome/webfonts/fa-brands-400.svg]
[encontratuprepaga.com.ar/wp-content/plugins/elementor/assets/lib/font-awesome/webfonts/fa-regular-400.svg]
[encontratuprepaga.com.ar/wp-content/plugins/elementor/assets/lib/font-awesome/webfonts/fa-solid-900.svg]
[encontratuprepaga.com.ar/prepaga/indexd784.html]
[encontratuprepaga.com.ar/wp-content/uploads/elementor/css/post-608efcc.css]
[encontratuprepaga.com.ar/wp-content/plugins/elementor/assets/lib/animations/styles/fadeInRight.min9287.css]
[encontratuprepaga.com.ar/wp-content/plugins/elementor-pro/assets/css/widget-nested-carousel.min8e60.css]
[encontratuprepaga.com.ar/wp-content/plugins/elementor/assets/css/widget-image-carousel.min9287.css]
[encontratuprepaga.com.ar/wp-content/uploads/elementor/css/post-2135c50.css]
[encontratuprepaga.com.ar/indexf3dd.html]
[encontratuprepaga.com.ar/wp-content/uploads/elementor/css/post-211224f.css]
[encontratuprepaga.com.ar/index0114.html]
[encontratuprepaga.com.ar/wp-content/uploads/elementor/css/post-2091b47.css]
[encontratuprepaga.com.ar/index4e6a.html]
[encontratuprepaga.com.ar/wp-content/uploads/elementor/css/post-20782c3.css]
[encontratuprepaga.com.ar/indexeb91.html]
[encontratuprepaga.com.ar/wp-content/uploads/elementor/css/post-2050e3d.css]
[encontratuprepaga.com.ar/indexc140.html]
[encontratuprepaga.com.ar/wp-content/uploads/elementor/css/post-203bb59.css]
[encontratuprepaga.com.ar/indexc39e.html]
[encontratuprepaga.com.ar/wp-content/uploads/elementor/css/post-2017be4.css]
[encontratuprepaga.com.ar/index5721.html]
[encontratuprepaga.com.ar/wp-content/uploads/essential-addons-elementor/eael-683814.css]
[encontratuprepaga.com.ar/wp-content/uploads/elementor/css/post-682901.css]
[encontratuprepaga.com.ar/index7ef4.html]
[encontratuprepaga.com.ar/wp-content/plugins/elementor/assets/css/widget-google_maps.min9287.css]
[encontratuprepaga.com.ar/wp-content/uploads/elementor/css/post-807500.css]
[encontratuprepaga.com.ar/indexbde5.html]
[encontratuprepaga.com.ar/wp-includes/css/dist/block-library/style.mina784.css]
[encontratuprepaga.com.ar/wp-content/uploads/elementor/css/post-655e09a.css]
[encontratuprepaga.com.ar/indexef11.html]
[encontratuprepaga.com.ar/wp-content/uploads/elementor/css/post-659b314.css]
[encontratuprepaga.com.ar/index2553.html]
[encontratuprepaga.com.ar/wp-content/uploads/elementor/css/post-661a282.css]
[encontratuprepaga.com.ar/indexd4f5.html]
[encontratuprepaga.com.ar/prepaga/feed/index.html]
[encontratuprepaga.com.ar/prepaga/feed/index.html]
